// Jest Snapshot v1, https://goo.gl/fbAQLP

exports[`Testing <App /> component Should render App component  1`] = `<App />`;
