// Jest Snapshot v1, https://goo.gl/fbAQLP

exports[`Testing <FriendListApp /> component Should render FriendListApp component  1`] = `<Connect(FriendListApp) />`;
